  console.warn
    Using existing database for integration test: vcv

    [0m [90m 39 |[39m     } [36melse[39m {
     [90m 40 |[39m       [90m// using existing DB (likely DB_NAME). Apply schema/seeds without dropping database[39m
    [31m[1m>[22m[39m[90m 41 |[39m       console[33m.[39mwarn([32m'Using existing database for integration test:'[39m[33m,[39m testDbName)[33m;[39m
     [90m    |[39m               [31m[1m^[22m[39m
     [90m 42 |[39m       [36mawait[39m adminConn[33m.[39mquery([32m`USE \`${testDbName}\`; ${schema} ${seeds}`[39m)[33m;[39m
     [90m 43 |[39m     }
     [90m 44 |[39m[0m

      at Object.warn (__tests__/integration.test.js:41:15)

  console.log
    App connection DATABASE(): undefined

      at log (app.js:274:19)

  console.log
    Inserted patch id: 7

      at log (app.js:284:17)

node.exe : PASS __tests__/integration.test.js
At line:1 char:1
+ & "C:\Program Files\nodejs/node.exe" "C:\Program Files\nodejs/node_mo ...
+ ~~~~~~~~~~~~~~~~~~~~~~~~~~~~~~~~~~~~~~~~~~~~~~~~~~~~~~~~~~~~~~~~~~~~~
    + CategoryInfo          : NotSpecified: (PASS __tests__/integration.tes 
   t.js:String) [], RemoteException
    + FullyQualifiedErrorId : NativeCommandError
 
  Integration: upload -> DB (real DB required)
    ÔłÜ uploads Test.vcv and creates a patch row (649 ms)

Test Suites: 1 passed, 1 total
Tests:       1 passed, 1 total
Snapshots:   0 total
Time:        1.791 s, estimated 3 s
Ran all test suites matching /__tests__\\integration.test.js/i.
